root@Aidan-Dean-SBX:/home/vboxuser/project# cd Nausicaas-Global-Green-Initiative/
root@Aidan-Dean-SBX:/home/vboxuser/project/Nausicaas-Global-Green-Initiative# ls
 ansible                __pycache__
 app.py                 README.md
 auth.py                requirements.txt
 db_methods.py          selenium
'Detailed Steps.docx'   templates
 dockerfile             terraform
 flask_session         'Unit Testing.docx'
'Green Giants.pptx'
root@Aidan-Dean-SBX:/home/vboxuser/project/Nausicaas-Global-Green-Initiative# pip install -y -r requirements.txt

Usage:   
  pip install [options] <requirement specifier> [package-index-options] ...
  pip install [options] -r <requirements file> [package-index-options] ...
  pip install [options] [-e] <vcs project url> ...
  pip install [options] [-e] <local project path> ...
  pip install [options] <archive url/path> ...

no such option: -y
root@Aidan-Dean-SBX:/home/vboxuser/project/Nausicaas-Global-Green-Initiative# pip install -y requirements.txt

Usage:   
  pip install [options] <requirement specifier> [package-index-options] ...
  pip install [options] -r <requirements file> [package-index-options] ...
  pip install [options] [-e] <vcs project url> ...
  pip install [options] [-e] <local project path> ...
  pip install [options] <archive url/path> ...

no such option: -y
root@Aidan-Dean-SBX:/home/vboxuser/project/Nausicaas-Global-Green-Initiative# pip install -r requirements.txt
Collecting psycopg2
  Using cached psycopg2-2.9.5.tar.gz (384 kB)
  Preparing metadata (setup.py) ... error
  error: subprocess-exited-with-error
  
  × python setup.py egg_info did not run successfully.
  │ exit code: 1
  ╰─> [23 lines of output]
      running egg_info
      creating /tmp/pip-pip-egg-info-pb9ogwy3/psycopg2.egg-info
      writing /tmp/pip-pip-egg-info-pb9ogwy3/psycopg2.egg-info/PKG-INFO
      writing dependency_links to /tmp/pip-pip-egg-info-pb9ogwy3/psycopg2.egg-info/dependency_links.txt
      writing top-level names to /tmp/pip-pip-egg-info-pb9ogwy3/psycopg2.egg-info/top_level.txt
      writing manifest file '/tmp/pip-pip-egg-info-pb9ogwy3/psycopg2.egg-info/SOURCES.txt'
      
      Error: pg_config executable not found.
      
      pg_config is required to build psycopg2 from source.  Please add the directory
      containing pg_config to the $PATH or specify the full executable path with the
      option:
      
          python setup.py build_ext --pg-config /path/to/pg_config build ...
      
      or with the pg_config option in 'setup.cfg'.
      
      If you prefer to avoid building psycopg2 from source, please install the PyPI
      'psycopg2-binary' package instead.
      
      For further information please check the 'doc/src/install.rst' file (also at
      <https://www.psycopg.org/docs/install.html>).
      
      [end of output]
  
  note: This error originates from a subprocess, and is likely not a problem with pip.
error: metadata-generation-failed

× Encountered error while generating package metadata.
╰─> See above for output.

note: This is an issue with the package mentioned above, not pip.
hint: See above for details.
root@Aidan-Dean-SBX:/home/vboxuser/project/Nausicaas-Global-Green-Initiative# python app.py
Command 'python' not found, did you mean:
  command 'python3' from deb python3
  command 'python' from deb python-is-python3
root@Aidan-Dean-SBX:/home/vboxuser/project/Nausicaas-Global-Green-Initiative# python3 app.py
Traceback (most recent call last):
  File "/home/vboxuser/project/Nausicaas-Global-Green-Initiative/app.py", line 1, in <module>
    from flask import Flask, render_template, redirect, request, session
ModuleNotFoundError: No module named 'flask'
root@Aidan-Dean-SBX:/home/vboxuser/project/Nausicaas-Global-Green-Initiative# 
